// Jest Snapshot v1, https://goo.gl/fbAQLP

exports[`Pill should render a pill 1`] = `
.emotion-0 {
  color: #5F5F5F;
  font-family: "Roboto","Helvetica","Arial",sans-serif;
  font-weight: 400;
  font-size: 0.75rem;
  line-height: 1.66;
  -webkit-letter-spacing: 0.03333em;
  -moz-letter-spacing: 0.03333em;
  -ms-letter-spacing: 0.03333em;
  letter-spacing: 0.03333em;
  display: -webkit-inline-box;
  display: -webkit-inline-flex;
  display: -ms-inline-flexbox;
  display: inline-flex;
  outline: none;
  white-space: nowrap;
  border-radius: 16px;
  height: 32px;
  vertical-align: middle;
  -webkit-box-pack: center;
  -webkit-justify-content: center;
  -ms-flex-pack: center;
  justify-content: center;
  -webkit-text-decoration: none;
  text-decoration: none;
  -webkit-align-items: center;
  -webkit-box-align: center;
  -ms-flex-align: center;
  align-items: center;
  box-sizing: border-box;
  padding: 0 12px;
}

<div>
  <div />
  <span
    class="emotion-0"
  >
    Test
  </span>
</div>
`;
